  Determinando os projetos a serem restaurados...
  Todos os projetos est├úo atualizados para restaura├º├úo.
C:\Program Files\dotnet\sdk\10.0.200-preview.0.26103.119\Sdks\Microsoft.NET.Sdk\targets\Microsoft.NET.RuntimeIdentifierInference.targets(383,5): message NETSDK1057: Voc├¬ est├í usando uma vers├úo de visualiza├º├úo do .NET. Veja: https://aka.ms/dotnet-support-policy [c:\projetos\SSO\Sso.IntegrationTests\Sso.IntegrationTests.csproj]
C:\Program Files\dotnet\sdk\10.0.200-preview.0.26103.119\Sdks\Microsoft.NET.Sdk\targets\Microsoft.NET.RuntimeIdentifierInference.targets(383,5): message NETSDK1057: Voc├¬ est├í usando uma vers├úo de visualiza├º├úo do .NET. Veja: https://aka.ms/dotnet-support-policy [c:\projetos\SSO\Sso.Application\Sso.Application.csproj]
C:\Program Files\dotnet\sdk\10.0.200-preview.0.26103.119\Sdks\Microsoft.NET.Sdk\targets\Microsoft.NET.RuntimeIdentifierInference.targets(383,5): message NETSDK1057: Voc├¬ est├í usando uma vers├úo de visualiza├º├úo do .NET. Veja: https://aka.ms/dotnet-support-policy [c:\projetos\SSO\Sso.Infrastructure\Sso.Infrastructure.csproj]
C:\Program Files\dotnet\sdk\10.0.200-preview.0.26103.119\Sdks\Microsoft.NET.Sdk\targets\Microsoft.NET.RuntimeIdentifierInference.targets(383,5): message NETSDK1057: Voc├¬ est├í usando uma vers├úo de visualiza├º├úo do .NET. Veja: https://aka.ms/dotnet-support-policy [c:\projetos\SSO\Sso.Domain\Sso.Domain.csproj]
  Sso.Domain -> c:\projetos\SSO\Sso.Domain\bin\Debug\net10.0\Sso.Domain.dll
  Sso.Application -> c:\projetos\SSO\Sso.Application\bin\Debug\net10.0\Sso.Application.dll
  Sso.Infrastructure -> c:\projetos\SSO\Sso.Infrastructure\bin\Debug\net10.0\Sso.Infrastructure.dll
  Sso.Api -> c:\projetos\SSO\Sso.Api\bin\Debug\net10.0\Sso.Api.dll
C:\Program Files\dotnet\sdk\10.0.200-preview.0.26103.119\Microsoft.Common.CurrentVersion.targets(2451,5): warning MSB3277: foram encontrados conflitos entre diferentes vers├Áes do "Microsoft.EntityFrameworkCore.Relational" que n├úo puderam ser resolvidas. [c:\projetos\SSO\Sso.IntegrationTests\Sso.IntegrationTests.csproj]
C:\Program Files\dotnet\sdk\10.0.200-preview.0.26103.119\Microsoft.Common.CurrentVersion.targets(2451,5): warning MSB3277: H├í um conflito entre "Microsoft.EntityFrameworkCore.Relational, Version=10.0.0.0, Culture=neutral, PublicKeyToken=adb9793829ddae60" e "Microsoft.EntityFrameworkCore.Relational, Version=10.0.2.0, Culture=neutral, PublicKeyToken=adb9793829ddae60". [c:\projetos\SSO\Sso.IntegrationTests\Sso.IntegrationTests.csproj]
C:\Program Files\dotnet\sdk\10.0.200-preview.0.26103.119\Microsoft.Common.CurrentVersion.targets(2451,5): warning MSB3277:     "Microsoft.EntityFrameworkCore.Relational, Version=10.0.0.0, Culture=neutral, PublicKeyToken=adb9793829ddae60" foi escolhido porque era principal e "Microsoft.EntityFrameworkCore.Relational, Version=10.0.2.0, Culture=neutral, PublicKeyToken=adb9793829ddae60" n├úo era. [c:\projetos\SSO\Sso.IntegrationTests\Sso.IntegrationTests.csproj]
C:\Program Files\dotnet\sdk\10.0.200-preview.0.26103.119\Microsoft.Common.CurrentVersion.targets(2451,5): warning MSB3277:     As refer├¬ncias depender├úo de "Microsoft.EntityFrameworkCore.Relational, Version=10.0.0.0, Culture=neutral, PublicKeyToken=adb9793829ddae60" [C:\Users\165445\.nuget\packages\microsoft.entityframeworkcore.relational\10.0.0\lib\net10.0\Microsoft.EntityFrameworkCore.Relational.dll]. [c:\projetos\SSO\Sso.IntegrationTests\Sso.IntegrationTests.csproj]
C:\Program Files\dotnet\sdk\10.0.200-preview.0.26103.119\Microsoft.Common.CurrentVersion.targets(2451,5): warning MSB3277:         C:\Users\165445\.nuget\packages\microsoft.entityframeworkcore.relational\10.0.0\lib\net10.0\Microsoft.EntityFrameworkCore.Relational.dll [c:\projetos\SSO\Sso.IntegrationTests\Sso.IntegrationTests.csproj]
C:\Program Files\dotnet\sdk\10.0.200-preview.0.26103.119\Microsoft.Common.CurrentVersion.targets(2451,5): warning MSB3277:           Inclus├Áes de itens do arquivo de projeto que geraram a refer├¬ncia"C:\Users\165445\.nuget\packages\microsoft.entityframeworkcore.relational\10.0.0\lib\net10.0\Microsoft.EntityFrameworkCore.Relational.dll". [c:\projetos\SSO\Sso.IntegrationTests\Sso.IntegrationTests.csproj]
C:\Program Files\dotnet\sdk\10.0.200-preview.0.26103.119\Microsoft.Common.CurrentVersion.targets(2451,5): warning MSB3277:             C:\Users\165445\.nuget\packages\microsoft.entityframeworkcore.relational\10.0.0\lib\net10.0\Microsoft.EntityFrameworkCore.Relational.dll [c:\projetos\SSO\Sso.IntegrationTests\Sso.IntegrationTests.csproj]
C:\Program Files\dotnet\sdk\10.0.200-preview.0.26103.119\Microsoft.Common.CurrentVersion.targets(2451,5): warning MSB3277:     Refer├¬ncias que dependem de ou foram unificadas para "Microsoft.EntityFrameworkCore.Relational, Version=10.0.2.0, Culture=neutral, PublicKeyToken=adb9793829ddae60" []. [c:\projetos\SSO\Sso.IntegrationTests\Sso.IntegrationTests.csproj]
C:\Program Files\dotnet\sdk\10.0.200-preview.0.26103.119\Microsoft.Common.CurrentVersion.targets(2451,5): warning MSB3277:         c:\projetos\SSO\Sso.Infrastructure\bin\Debug\net10.0\Sso.Infrastructure.dll [c:\projetos\SSO\Sso.IntegrationTests\Sso.IntegrationTests.csproj]
C:\Program Files\dotnet\sdk\10.0.200-preview.0.26103.119\Microsoft.Common.CurrentVersion.targets(2451,5): warning MSB3277:           Inclus├Áes de itens do arquivo de projeto que geraram a refer├¬ncia"c:\projetos\SSO\Sso.Infrastructure\bin\Debug\net10.0\Sso.Infrastructure.dll". [c:\projetos\SSO\Sso.IntegrationTests\Sso.IntegrationTests.csproj]
C:\Program Files\dotnet\sdk\10.0.200-preview.0.26103.119\Microsoft.Common.CurrentVersion.targets(2451,5): warning MSB3277:             c:\projetos\SSO\Sso.Infrastructure\bin\Debug\net10.0\Sso.Infrastructure.dll [c:\projetos\SSO\Sso.IntegrationTests\Sso.IntegrationTests.csproj]
C:\Program Files\dotnet\sdk\10.0.200-preview.0.26103.119\Microsoft.Common.CurrentVersion.targets(2451,5): warning MSB3277:             c:\projetos\SSO\Sso.Api\bin\Debug\net10.0\Sso.Api.dll [c:\projetos\SSO\Sso.IntegrationTests\Sso.IntegrationTests.csproj]
  Sso.IntegrationTests -> c:\projetos\SSO\Sso.IntegrationTests\bin\Debug\net10.0\Sso.IntegrationTests.dll
Execu├º├úo de teste para c:\projetos\SSO\Sso.IntegrationTests\bin\Debug\net10.0\Sso.IntegrationTests.dll (.NETCoreApp,Version=v10.0)
1 arquivos de teste no total corresponderam ao padr├úo especificado.
dotnet : [xUnit.net 00:00:02.00]     Sso.I
ntegrationTests.AuthIntegrationTests.Login
_WithValidCredentials_ReturnsOk [FAIL]
No linha:1 caractere:1
+ dotnet test c:\projetos\SSO\Sso.Integrat
ionTests\Sso.IntegrationTests ...
+ ~~~~~~~~~~~~~~~~~~~~~~~~~~~~~~~~~~~~~~~~
~~~~~~~~~~~~~~~~~~~~~~~~~~~~~
    + CategoryInfo          : NotSpecifie 
   d: ([xUnit.net 00:0...eturnsOk [FAIL]  
  :String) [], RemoteException
    + FullyQualifiedErrorId : NativeComma 
   ndError
 
[xUnit.net 00:00:02.02]     Sso.Integratio
nTests.AuthIntegrationTests.GetMe_WithoutL
ogin_ReturnsUnauthorized [FAIL]
[xUnit.net 00:00:02.04]     Sso.Integratio
nTests.AuthIntegrationTests.Login_WithInva
lidCredentials_ReturnsUnauthorized [FAIL]
[xUnit.net 00:00:02.07]     Sso.Integratio
nTests.AuthIntegrationTests.FullFlow_Login
_AccessProtected_Logout_AccessProtected_Re
turnsCorrectStatuses [FAIL]
  Com falha Sso.IntegrationTests.AuthIntegrationTests.Login_WithValidCredentials_ReturnsOk [1 ms]
  Mensagem de erro:
   System.InvalidOperationException : Services for database providers 'Npgsql.EntityFrameworkCore.PostgreSQL', 'Microsoft.EntityFrameworkCore.InMemory' have been registered in the service provider. Only a single database provider can be registered in a service provider. If possible, ensure that Entity Framework is managing its service provider by removing the call to 'UseInternalServiceProvider'. Otherwise, consider conditionally registering the database provider, or maintaining one service provider per database provider.
  Rastreamento de pilha:
     at Microsoft.EntityFrameworkCore.Internal.DbContextServices.Initialize(IServiceProvider scopedProvider, DbContextOptions contextOptions, DbContext context)
   at Microsoft.EntityFrameworkCore.DbContext.get_ContextServices()
   at Microsoft.EntityFrameworkCore.DbContext.get_InternalServiceProvider()
   at Microsoft.EntityFrameworkCore.DbContext.Microsoft.EntityFrameworkCore.Infrastructure.IInfrastructure<System.IServiceProvider>.get_Instance()
   at Microsoft.EntityFrameworkCore.Infrastructure.Internal.InfrastructureExtensions.GetService(IInfrastructure`1 accessor, Type serviceType)
   at Microsoft.EntityFrameworkCore.Infrastructure.Internal.InfrastructureExtensions.GetService[TService](IInfrastructure`1 accessor)
   at Microsoft.EntityFrameworkCore.Infrastructure.AccessorExtensions.GetService[TService](IInfrastructure`1 accessor)
   at Microsoft.EntityFrameworkCore.Infrastructure.DatabaseFacade.get_Dependencies()
   at Microsoft.EntityFrameworkCore.Infrastructure.DatabaseFacade.EnsureCreated()
   at Sso.IntegrationTests.CustomWebApplicationFactory`1.<>c.<ConfigureWebHost>b__0_0(IServiceCollection services) in c:\projetos\SSO\Sso.IntegrationTests\CustomWebApplicationFactory.cs:line 38
   at Microsoft.Extensions.Hosting.HostApplicationBuilder.HostBuilderAdapter.ApplyChanges()
   at Microsoft.Extensions.Hosting.HostApplicationBuilder.Build()
   at Microsoft.AspNetCore.Builder.WebApplicationBuilder.Build()
   at Program.<Main>$(String[] args) in c:\projetos\SSO\Sso.Api\Program.cs:line 87
   at Program.<Main>(String[] args)
   at System.Reflection.MethodBaseInvoker.InterpretedInvoke_Method(Object obj, IntPtr* args)
   at System.Reflection.MethodBaseInvoker.InvokeDirectByRefWithFewArgs(Object obj, Span`1 copyOfArgs, BindingFlags invokeAttr)
--- End of stack trace from previous location ---
   at Microsoft.Extensions.Hosting.HostFactoryResolver.HostingListener.CreateHost()
   at Microsoft.Extensions.Hosting.HostFactoryResolver.<>c__DisplayClass10_0.<ResolveHostFactory>b__0(String[] args)
   at Microsoft.AspNetCore.Mvc.Testing.DeferredHostBuilder.Build()
   at Microsoft.AspNetCore.Mvc.Testing.WebApplicationFactory`1.CreateHost(IHostBuilder builder)
   at Microsoft.AspNetCore.Mvc.Testing.WebApplicationFactory`1.ConfigureHostBuilder(IHostBuilder hostBuilder)
   at Microsoft.AspNetCore.Mvc.Testing.WebApplicationFactory`1.StartServer()
   at Microsoft.AspNetCore.Mvc.Testing.WebApplicationFactory`1.CreateDefaultClient(DelegatingHandler[] handlers)
   at Microsoft.AspNetCore.Mvc.Testing.WebApplicationFactory`1.CreateDefaultClient(Uri baseAddress, DelegatingHandler[] handlers)
   at Microsoft.AspNetCore.Mvc.Testing.WebApplicationFactory`1.CreateClient(WebApplicationFactoryClientOptions options)
   at Sso.IntegrationTests.AuthIntegrationTests..ctor(CustomWebApplicationFactory`1 factory) in c:\projetos\SSO\Sso.IntegrationTests\AuthIntegrationTests.cs:line 17
   at System.Reflection.MethodBaseInvoker.InterpretedInvoke_Constructor(Object obj, IntPtr* args)
   at System.Reflection.MethodBaseInvoker.InvokeDirectByRefWithFewArgs(Object obj, Span`1 copyOfArgs, BindingFlags invokeAttr)
  Com falha Sso.IntegrationTests.AuthIntegrationTests.GetMe_WithoutLogin_ReturnsUnauthorized [1 ms]
  Mensagem de erro:
   System.InvalidOperationException : Services for database providers 'Npgsql.EntityFrameworkCore.PostgreSQL', 'Microsoft.EntityFrameworkCore.InMemory' have been registered in the service provider. Only a single database provider can be registered in a service provider. If possible, ensure that Entity Framework is managing its service provider by removing the call to 'UseInternalServiceProvider'. Otherwise, consider conditionally registering the database provider, or maintaining one service provider per database provider.
  Rastreamento de pilha:
     at Microsoft.EntityFrameworkCore.Internal.DbContextServices.Initialize(IServiceProvider scopedProvider, DbContextOptions contextOptions, DbContext context)
   at Microsoft.EntityFrameworkCore.DbContext.get_ContextServices()
   at Microsoft.EntityFrameworkCore.DbContext.get_InternalServiceProvider()
   at Microsoft.EntityFrameworkCore.DbContext.Microsoft.EntityFrameworkCore.Infrastructure.IInfrastructure<System.IServiceProvider>.get_Instance()
   at Microsoft.EntityFrameworkCore.Infrastructure.Internal.InfrastructureExtensions.GetService(IInfrastructure`1 accessor, Type serviceType)
   at Microsoft.EntityFrameworkCore.Infrastructure.Internal.InfrastructureExtensions.GetService[TService](IInfrastructure`1 accessor)
   at Microsoft.EntityFrameworkCore.Infrastructure.AccessorExtensions.GetService[TService](IInfrastructure`1 accessor)
   at Microsoft.EntityFrameworkCore.Infrastructure.DatabaseFacade.get_Dependencies()
   at Microsoft.EntityFrameworkCore.Infrastructure.DatabaseFacade.EnsureCreated()
   at Sso.IntegrationTests.CustomWebApplicationFactory`1.<>c.<ConfigureWebHost>b__0_0(IServiceCollection services) in c:\projetos\SSO\Sso.IntegrationTests\CustomWebApplicationFactory.cs:line 38
   at Microsoft.Extensions.Hosting.HostApplicationBuilder.HostBuilderAdapter.ApplyChanges()
   at Microsoft.Extensions.Hosting.HostApplicationBuilder.Build()
   at Microsoft.AspNetCore.Builder.WebApplicationBuilder.Build()
   at Program.<Main>$(String[] args) in c:\projetos\SSO\Sso.Api\Program.cs:line 87
   at Program.<Main>(String[] args)
   at InvokeStub_Program.<Main>(Object, Span`1)
   at System.Reflection.MethodBaseInvoker.InvokeWithOneArg(Object obj, BindingFlags invokeAttr, Binder binder, Object[] parameters, CultureInfo culture)
--- End of stack trace from previous location ---
   at Microsoft.Extensions.Hosting.HostFactoryResolver.HostingListener.CreateHost()
   at Microsoft.Extensions.Hosting.HostFactoryResolver.<>c__DisplayClass10_0.<ResolveHostFactory>b__0(String[] args)
   at Microsoft.AspNetCore.Mvc.Testing.DeferredHostBuilder.Build()
   at Microsoft.AspNetCore.Mvc.Testing.WebApplicationFactory`1.CreateHost(IHostBuilder builder)
   at Microsoft.AspNetCore.Mvc.Testing.WebApplicationFactory`1.ConfigureHostBuilder(IHostBuilder hostBuilder)
   at Microsoft.AspNetCore.Mvc.Testing.WebApplicationFactory`1.StartServer()
   at Microsoft.AspNetCore.Mvc.Testing.WebApplicationFactory`1.CreateDefaultClient(DelegatingHandler[] handlers)
   at Microsoft.AspNetCore.Mvc.Testing.WebApplicationFactory`1.CreateDefaultClient(Uri baseAddress, DelegatingHandler[] handlers)
   at Microsoft.AspNetCore.Mvc.Testing.WebApplicationFactory`1.CreateClient(WebApplicationFactoryClientOptions options)
   at Sso.IntegrationTests.AuthIntegrationTests..ctor(CustomWebApplicationFactory`1 factory) in c:\projetos\SSO\Sso.IntegrationTests\AuthIntegrationTests.cs:line 17
   at InvokeStub_AuthIntegrationTests..ctor(Object, Span`1)
   at System.Reflection.MethodBaseInvoker.InvokeWithOneArg(Object obj, BindingFlags invokeAttr, Binder binder, Object[] parameters, CultureInfo culture)
  Com falha Sso.IntegrationTests.AuthIntegrationTests.Login_WithInvalidCredentials_ReturnsUnauthorized [1 ms]
  Mensagem de erro:
   System.InvalidOperationException : Services for database providers 'Npgsql.EntityFrameworkCore.PostgreSQL', 'Microsoft.EntityFrameworkCore.InMemory' have been registered in the service provider. Only a single database provider can be registered in a service provider. If possible, ensure that Entity Framework is managing its service provider by removing the call to 'UseInternalServiceProvider'. Otherwise, consider conditionally registering the database provider, or maintaining one service provider per database provider.
  Rastreamento de pilha:
     at Microsoft.EntityFrameworkCore.Internal.DbContextServices.Initialize(IServiceProvider scopedProvider, DbContextOptions contextOptions, DbContext context)
   at Microsoft.EntityFrameworkCore.DbContext.get_ContextServices()
   at Microsoft.EntityFrameworkCore.DbContext.get_InternalServiceProvider()
   at Microsoft.EntityFrameworkCore.DbContext.Microsoft.EntityFrameworkCore.Infrastructure.IInfrastructure<System.IServiceProvider>.get_Instance()
   at Microsoft.EntityFrameworkCore.Infrastructure.Internal.InfrastructureExtensions.GetService(IInfrastructure`1 accessor, Type serviceType)
   at Microsoft.EntityFrameworkCore.Infrastructure.Internal.InfrastructureExtensions.GetService[TService](IInfrastructure`1 accessor)
   at Microsoft.EntityFrameworkCore.Infrastructure.AccessorExtensions.GetService[TService](IInfrastructure`1 accessor)
   at Microsoft.EntityFrameworkCore.Infrastructure.DatabaseFacade.get_Dependencies()
   at Microsoft.EntityFrameworkCore.Infrastructure.DatabaseFacade.EnsureCreated()
   at Sso.IntegrationTests.CustomWebApplicationFactory`1.<>c.<ConfigureWebHost>b__0_0(IServiceCollection services) in c:\projetos\SSO\Sso.IntegrationTests\CustomWebApplicationFactory.cs:line 38
   at Microsoft.Extensions.Hosting.HostApplicationBuilder.HostBuilderAdapter.ApplyChanges()
   at Microsoft.Extensions.Hosting.HostApplicationBuilder.Build()
   at Microsoft.AspNetCore.Builder.WebApplicationBuilder.Build()
   at Program.<Main>$(String[] args) in c:\projetos\SSO\Sso.Api\Program.cs:line 87
   at Program.<Main>(String[] args)
   at InvokeStub_Program.<Main>(Object, Span`1)
   at System.Reflection.MethodBaseInvoker.InvokeWithOneArg(Object obj, BindingFlags invokeAttr, Binder binder, Object[] parameters, CultureInfo culture)
--- End of stack trace from previous location ---
   at Microsoft.Extensions.Hosting.HostFactoryResolver.HostingListener.CreateHost()
   at Microsoft.Extensions.Hosting.HostFactoryResolver.<>c__DisplayClass10_0.<ResolveHostFactory>b__0(String[] args)
   at Microsoft.AspNetCore.Mvc.Testing.DeferredHostBuilder.Build()
   at Microsoft.AspNetCore.Mvc.Testing.WebApplicationFactory`1.CreateHost(IHostBuilder builder)
   at Microsoft.AspNetCore.Mvc.Testing.WebApplicationFactory`1.ConfigureHostBuilder(IHostBuilder hostBuilder)
   at Microsoft.AspNetCore.Mvc.Testing.WebApplicationFactory`1.StartServer()
   at Microsoft.AspNetCore.Mvc.Testing.WebApplicationFactory`1.CreateDefaultClient(DelegatingHandler[] handlers)
   at Microsoft.AspNetCore.Mvc.Testing.WebApplicationFactory`1.CreateDefaultClient(Uri baseAddress, DelegatingHandler[] handlers)
   at Microsoft.AspNetCore.Mvc.Testing.WebApplicationFactory`1.CreateClient(WebApplicationFactoryClientOptions options)
   at Sso.IntegrationTests.AuthIntegrationTests..ctor(CustomWebApplicationFactory`1 factory) in c:\projetos\SSO\Sso.IntegrationTests\AuthIntegrationTests.cs:line 17
   at InvokeStub_AuthIntegrationTests..ctor(Object, Span`1)
   at System.Reflection.MethodBaseInvoker.InvokeWithOneArg(Object obj, BindingFlags invokeAttr, Binder binder, Object[] parameters, CultureInfo culture)
  Com falha Sso.IntegrationTests.AuthIntegrationTests.FullFlow_Login_AccessProtected_Logout_AccessProtected_ReturnsCorrectStatuses [1 ms]
  Mensagem de erro:
   System.InvalidOperationException : Services for database providers 'Npgsql.EntityFrameworkCore.PostgreSQL', 'Microsoft.EntityFrameworkCore.InMemory' have been registered in the service provider. Only a single database provider can be registered in a service provider. If possible, ensure that Entity Framework is managing its service provider by removing the call to 'UseInternalServiceProvider'. Otherwise, consider conditionally registering the database provider, or maintaining one service provider per database provider.
  Rastreamento de pilha:
     at Microsoft.EntityFrameworkCore.Internal.DbContextServices.Initialize(IServiceProvider scopedProvider, DbContextOptions contextOptions, DbContext context)
   at Microsoft.EntityFrameworkCore.DbContext.get_ContextServices()
   at Microsoft.EntityFrameworkCore.DbContext.get_InternalServiceProvider()
   at Microsoft.EntityFrameworkCore.DbContext.Microsoft.EntityFrameworkCore.Infrastructure.IInfrastructure<System.IServiceProvider>.get_Instance()
   at Microsoft.EntityFrameworkCore.Infrastructure.Internal.InfrastructureExtensions.GetService(IInfrastructure`1 accessor, Type serviceType)
   at Microsoft.EntityFrameworkCore.Infrastructure.Internal.InfrastructureExtensions.GetService[TService](IInfrastructure`1 accessor)
   at Microsoft.EntityFrameworkCore.Infrastructure.AccessorExtensions.GetService[TService](IInfrastructure`1 accessor)
   at Microsoft.EntityFrameworkCore.Infrastructure.DatabaseFacade.get_Dependencies()
   at Microsoft.EntityFrameworkCore.Infrastructure.DatabaseFacade.EnsureCreated()
   at Sso.IntegrationTests.CustomWebApplicationFactory`1.<>c.<ConfigureWebHost>b__0_0(IServiceCollection services) in c:\projetos\SSO\Sso.IntegrationTests\CustomWebApplicationFactory.cs:line 38
   at Microsoft.Extensions.Hosting.HostApplicationBuilder.HostBuilderAdapter.ApplyChanges()
   at Microsoft.Extensions.Hosting.HostApplicationBuilder.Build()
   at Microsoft.AspNetCore.Builder.WebApplicationBuilder.Build()
   at Program.<Main>$(String[] args) in c:\projetos\SSO\Sso.Api\Program.cs:line 87
   at Program.<Main>(String[] args)
   at InvokeStub_Program.<Main>(Object, Span`1)
   at System.Reflection.MethodBaseInvoker.InvokeWithOneArg(Object obj, BindingFlags invokeAttr, Binder binder, Object[] parameters, CultureInfo culture)
--- End of stack trace from previous location ---
   at Microsoft.Extensions.Hosting.HostFactoryResolver.HostingListener.CreateHost()
   at Microsoft.Extensions.Hosting.HostFactoryResolver.<>c__DisplayClass10_0.<ResolveHostFactory>b__0(String[] args)
   at Microsoft.AspNetCore.Mvc.Testing.DeferredHostBuilder.Build()
   at Microsoft.AspNetCore.Mvc.Testing.WebApplicationFactory`1.CreateHost(IHostBuilder builder)
   at Microsoft.AspNetCore.Mvc.Testing.WebApplicationFactory`1.ConfigureHostBuilder(IHostBuilder hostBuilder)
   at Microsoft.AspNetCore.Mvc.Testing.WebApplicationFactory`1.StartServer()
   at Microsoft.AspNetCore.Mvc.Testing.WebApplicationFactory`1.CreateDefaultClient(DelegatingHandler[] handlers)
   at Microsoft.AspNetCore.Mvc.Testing.WebApplicationFactory`1.CreateDefaultClient(Uri baseAddress, DelegatingHandler[] handlers)
   at Microsoft.AspNetCore.Mvc.Testing.WebApplicationFactory`1.CreateClient(WebApplicationFactoryClientOptions options)
   at Sso.IntegrationTests.AuthIntegrationTests..ctor(CustomWebApplicationFactory`1 factory) in c:\projetos\SSO\Sso.IntegrationTests\AuthIntegrationTests.cs:line 17
   at InvokeStub_AuthIntegrationTests..ctor(Object, Span`1)
   at System.Reflection.MethodBaseInvoker.InvokeWithOneArg(Object obj, BindingFlags invokeAttr, Binder binder, Object[] parameters, CultureInfo culture)

Com falha! ÔÇô Com falha:     4, Aprovado:     1, Ignorado:     0, Total:     5, Dura├º├úo: 1 s - Sso.IntegrationTests.dll (net10.0)
